Archive member included because of file (symbol)

C:\Users\11238639\Desktop\ESRTOSPIT\Project\Library\libOS.a(OS.o)
                              ./Sources/main.o (OS_Init)
C:\Users\11238639\Desktop\ESRTOSPIT\Project\Library\libAnalog.a(analog.o)
                              ./Sources/main.o (Analog_Init)
C:\Users\11238639\Desktop\ESRTOSPIT\Project\Library\libAnalog.a(SPI.o)
                              C:\Users\11238639\Desktop\ESRTOSPIT\Project\Library\libAnalog.a(analog.o) (SPI_Init)
c:/freescale/kds_3.0.0/toolchain/bin/../lib/gcc/arm-none-eabi/4.8.4/../../../../arm-none-eabi/lib/armv7e-m/fpu\libg_s.a(lib_a-exit.o)
                              c:/freescale/kds_3.0.0/toolchain/bin/../lib/gcc/arm-none-eabi/4.8.4/../../../../arm-none-eabi/lib/armv7e-m/fpu/crt0.o (exit)
c:/freescale/kds_3.0.0/toolchain/bin/../lib/gcc/arm-none-eabi/4.8.4/../../../../arm-none-eabi/lib/armv7e-m/fpu\libg_s.a(lib_a-impure.o)
                              c:/freescale/kds_3.0.0/toolchain/bin/../lib/gcc/arm-none-eabi/4.8.4/../../../../arm-none-eabi/lib/armv7e-m/fpu\libg_s.a(lib_a-exit.o) (_global_impure_ptr)
c:/freescale/kds_3.0.0/toolchain/bin/../lib/gcc/arm-none-eabi/4.8.4/../../../../arm-none-eabi/lib/armv7e-m/fpu\libg_s.a(lib_a-init.o)
                              c:/freescale/kds_3.0.0/toolchain/bin/../lib/gcc/arm-none-eabi/4.8.4/../../../../arm-none-eabi/lib/armv7e-m/fpu/crt0.o (__libc_init_array)
c:/freescale/kds_3.0.0/toolchain/bin/../lib/gcc/arm-none-eabi/4.8.4/../../../../arm-none-eabi/lib/armv7e-m/fpu\libg_s.a(lib_a-memset.o)
                              c:/freescale/kds_3.0.0/toolchain/bin/../lib/gcc/arm-none-eabi/4.8.4/../../../../arm-none-eabi/lib/armv7e-m/fpu/crt0.o (memset)
c:/freescale/kds_3.0.0/toolchain/bin/../lib/gcc/arm-none-eabi/4.8.4/../../../../arm-none-eabi/lib/armv7e-m/fpu\libnosys.a(_exit.o)
                              c:/freescale/kds_3.0.0/toolchain/bin/../lib/gcc/arm-none-eabi/4.8.4/../../../../arm-none-eabi/lib/armv7e-m/fpu\libg_s.a(lib_a-exit.o) (_exit)

Allocating common symbols
Common symbol       size              file

SR_reg              0x1               ./Generated_Code/Cpu.o
DACInput            0x4               C:\Users\11238639\Desktop\ESRTOSPIT\Project\Library\libAnalog.a(analog.o)

Discarded input sections

 .text          0x00000000        0x0 c:/freescale/kds_3.0.0/toolchain/bin/../lib/gcc/arm-none-eabi/4.8.4/armv7e-m/fpu/crti.o
 .data          0x00000000        0x0 c:/freescale/kds_3.0.0/toolchain/bin/../lib/gcc/arm-none-eabi/4.8.4/armv7e-m/fpu/crti.o
 .bss           0x00000000        0x0 c:/freescale/kds_3.0.0/toolchain/bin/../lib/gcc/arm-none-eabi/4.8.4/armv7e-m/fpu/crti.o
 .data          0x00000000        0x4 c:/freescale/kds_3.0.0/toolchain/bin/../lib/gcc/arm-none-eabi/4.8.4/armv7e-m/fpu/crtbegin.o
 .data          0x00000000        0x0 c:/freescale/kds_3.0.0/toolchain/bin/../lib/gcc/arm-none-eabi/4.8.4/../../../../arm-none-eabi/lib/armv7e-m/fpu/crt0.o
 .bss           0x00000000        0x0 c:/freescale/kds_3.0.0/toolchain/bin/../lib/gcc/arm-none-eabi/4.8.4/../../../../arm-none-eabi/lib/armv7e-m/fpu/crt0.o
 .ARM.extab     0x00000000        0x0 c:/freescale/kds_3.0.0/toolchain/bin/../lib/gcc/arm-none-eabi/4.8.4/../../../../arm-none-eabi/lib/armv7e-m/fpu/crt0.o
 .group         0x00000000        0x8 ./Sources/LEDs.o
 .group         0x00000000        0x8 ./Sources/LEDs.o
 .group         0x00000000        0x8 ./Sources/LEDs.o
 .group         0x00000000        0x8 ./Sources/LEDs.o
 .group         0x00000000        0x8 ./Sources/LEDs.o
 .group         0x00000000        0x8 ./Sources/LEDs.o
 .text          0x00000000        0x0 ./Sources/LEDs.o
 .data          0x00000000        0x0 ./Sources/LEDs.o
 .bss           0x00000000        0x0 ./Sources/LEDs.o
 .text.LEDs_On  0x00000000       0x1c ./Sources/LEDs.o
 .group         0x00000000        0x8 ./Sources/main.o
 .group         0x00000000        0x8 ./Sources/main.o
 .group         0x00000000        0x8 ./Sources/main.o
 .group         0x00000000        0x8 ./Sources/main.o
 .group         0x00000000        0x8 ./Sources/main.o
 .group         0x00000000        0x8 ./Sources/main.o
 .group         0x00000000        0x8 ./Sources/main.o
 .group         0x00000000        0x8 ./Sources/main.o
 .group         0x00000000        0x8 ./Sources/main.o
 .group         0x00000000        0x8 ./Sources/main.o
 .group         0x00000000        0x8 ./Sources/main.o
 .group         0x00000000        0x8 ./Sources/main.o
 .text          0x00000000        0x0 ./Sources/main.o
 .data          0x00000000        0x0 ./Sources/main.o
 .bss           0x00000000        0x0 ./Sources/main.o
 .text.LPTMRInit
                0x00000000       0xa8 ./Sources/main.o
 .debug_macro   0x00000000      0x850 ./Sources/main.o
 .debug_macro   0x00000000       0x16 ./Sources/main.o
 .debug_macro   0x00000000       0x44 ./Sources/main.o
 .debug_macro   0x00000000      0x209 ./Sources/main.o
 .debug_macro   0x00000000    0x174c1 ./Sources/main.o
 .debug_macro   0x00000000       0x22 ./Sources/main.o
 .group         0x00000000        0x8 ./Project_Settings/Startup_Code/startup.o
 .group         0x00000000        0x8 ./Project_Settings/Startup_Code/startup.o
 .group         0x00000000        0x8 ./Project_Settings/Startup_Code/startup.o
 .group         0x00000000        0x8 ./Project_Settings/Startup_Code/startup.o
 .group         0x00000000        0x8 ./Project_Settings/Startup_Code/startup.o
 .group         0x00000000        0x8 ./Project_Settings/Startup_Code/startup.o
 .group         0x00000000        0x8 ./Project_Settings/Startup_Code/startup.o
 .group         0x00000000        0x8 ./Project_Settings/Startup_Code/startup.o
 .group         0x00000000        0x8 ./Project_Settings/Startup_Code/startup.o
 .group         0x00000000        0x8 ./Project_Settings/Startup_Code/startup.o
 .group         0x00000000        0x8 ./Project_Settings/Startup_Code/startup.o
 .group         0x00000000        0x8 ./Project_Settings/Startup_Code/startup.o
 .group         0x00000000        0x8 ./Project_Settings/Startup_Code/startup.o
 .group         0x00000000        0x8 ./Project_Settings/Startup_Code/startup.o
 .group         0x00000000        0x8 ./Project_Settings/Startup_Code/startup.o
 .group         0x00000000        0x8 ./Project_Settings/Startup_Code/startup.o
 .group         0x00000000        0x8 ./Project_Settings/Startup_Code/startup.o
 .group         0x00000000        0x8 ./Project_Settings/Startup_Code/startup.o
 .group         0x00000000        0x8 ./Project_Settings/Startup_Code/startup.o
 .text          0x00000000        0x0 ./Project_Settings/Startup_Code/startup.o
 .data          0x00000000        0x0 ./Project_Settings/Startup_Code/startup.o
 .bss           0x00000000        0x0 ./Project_Settings/Startup_Code/startup.o
 .text.__init_hardware
                0x00000000        0xc ./Project_Settings/Startup_Code/startup.o
 .text.__iar_program_start
                0x00000000        0xc ./Project_Settings/Startup_Code/startup.o
 .debug_macro   0x00000000      0x850 ./Project_Settings/Startup_Code/startup.o
 .debug_macro   0x00000000       0x16 ./Project_Settings/Startup_Code/startup.o
 .group         0x00000000        0x8 ./Generated_Code/Cpu.o
 .group         0x00000000        0x8 ./Generated_Code/Cpu.o
 .group         0x00000000        0x8 ./Generated_Code/Cpu.o
 .group         0x00000000        0x8 ./Generated_Code/Cpu.o
 .group         0x00000000        0x8 ./Generated_Code/Cpu.o
 .group         0x00000000        0x8 ./Generated_Code/Cpu.o
 .group         0x00000000        0x8 ./Generated_Code/Cpu.o
 .group         0x00000000        0x8 ./Generated_Code/Cpu.o
 .group         0x00000000        0x8 ./Generated_Code/Cpu.o
 .text          0x00000000        0x0 ./Generated_Code/Cpu.o
 .data          0x00000000        0x0 ./Generated_Code/Cpu.o
 .bss           0x00000000        0x0 ./Generated_Code/Cpu.o
 .debug_macro   0x00000000      0x850 ./Generated_Code/Cpu.o
 .debug_macro   0x00000000       0x16 ./Generated_Code/Cpu.o
 .debug_macro   0x00000000       0x44 ./Generated_Code/Cpu.o
 .debug_macro   0x00000000      0x209 ./Generated_Code/Cpu.o
 .debug_macro   0x00000000     0x17fa ./Generated_Code/Cpu.o
 .debug_macro   0x00000000      0x14e ./Generated_Code/Cpu.o
 .debug_macro   0x00000000       0x64 ./Generated_Code/Cpu.o
 .debug_macro   0x00000000    0x174c1 ./Generated_Code/Cpu.o
 .group         0x00000000        0x8 ./Generated_Code/Vectors.o
 .group         0x00000000        0x8 ./Generated_Code/Vectors.o
 .group         0x00000000        0x8 ./Generated_Code/Vectors.o
 .group         0x00000000        0x8 ./Generated_Code/Vectors.o
 .group         0x00000000        0x8 ./Generated_Code/Vectors.o
 .group         0x00000000        0x8 ./Generated_Code/Vectors.o
 .group         0x00000000        0x8 ./Generated_Code/Vectors.o
 .group         0x00000000        0x8 ./Generated_Code/Vectors.o
 .group         0x00000000        0x8 ./Generated_Code/Vectors.o
 .group         0x00000000        0x8 ./Generated_Code/Vectors.o
 .group         0x00000000        0x8 ./Generated_Code/Vectors.o
 .text          0x00000000        0x0 ./Generated_Code/Vectors.o
 .data          0x00000000        0x0 ./Generated_Code/Vectors.o
 .bss           0x00000000        0x0 ./Generated_Code/Vectors.o
 .debug_macro   0x00000000      0x850 ./Generated_Code/Vectors.o
 .debug_macro   0x00000000       0x16 ./Generated_Code/Vectors.o
 .debug_macro   0x00000000       0x44 ./Generated_Code/Vectors.o
 .debug_macro   0x00000000      0x209 ./Generated_Code/Vectors.o
 .debug_macro   0x00000000     0x17fa ./Generated_Code/Vectors.o
 .debug_macro   0x00000000      0x14e ./Generated_Code/Vectors.o
 .debug_macro   0x00000000       0x64 ./Generated_Code/Vectors.o
 .debug_macro   0x00000000    0x174c1 ./Generated_Code/Vectors.o
 .debug_macro   0x00000000       0x9a ./Generated_Code/Vectors.o
 .debug_macro   0x00000000       0x22 ./Generated_Code/Vectors.o
 .debug_macro   0x00000000       0x30 ./Generated_Code/Vectors.o
 .group         0x00000000        0x8 C:\Users\11238639\Desktop\ESRTOSPIT\Project\Library\libOS.a(OS.o)
 .group         0x00000000        0x8 C:\Users\11238639\Desktop\ESRTOSPIT\Project\Library\libOS.a(OS.o)
 .group         0x00000000        0x8 C:\Users\11238639\Desktop\ESRTOSPIT\Project\Library\libOS.a(OS.o)
 .group         0x00000000        0x8 C:\Users\11238639\Desktop\ESRTOSPIT\Project\Library\libOS.a(OS.o)
 .group         0x00000000        0x8 C:\Users\11238639\Desktop\ESRTOSPIT\Project\Library\libOS.a(OS.o)
 .group         0x00000000        0x8 C:\Users\11238639\Desktop\ESRTOSPIT\Project\Library\libOS.a(OS.o)
 .group         0x00000000        0x8 C:\Users\11238639\Desktop\ESRTOSPIT\Project\Library\libOS.a(OS.o)
 .group         0x00000000        0x8 C:\Users\11238639\Desktop\ESRTOSPIT\Project\Library\libOS.a(OS.o)
 .group         0x00000000        0x8 C:\Users\11238639\Desktop\ESRTOSPIT\Project\Library\libOS.a(OS.o)
 .group         0x00000000        0x8 C:\Users\11238639\Desktop\ESRTOSPIT\Project\Library\libOS.a(OS.o)
 .group         0x00000000        0x8 C:\Users\11238639\Desktop\ESRTOSPIT\Project\Library\libOS.a(OS.o)
 .text          0x00000000        0x0 C:\Users\11238639\Desktop\ESRTOSPIT\Project\Library\libOS.a(OS.o)
 .data          0x00000000        0x0 C:\Users\11238639\Desktop\ESRTOSPIT\Project\Library\libOS.a(OS.o)
 .bss           0x00000000        0x0 C:\Users\11238639\Desktop\ESRTOSPIT\Project\Library\libOS.a(OS.o)
 .rodata.OS_TICK_FREQUENCY
                0x00000000        0x4 C:\Users\11238639\Desktop\ESRTOSPIT\Project\Library\libOS.a(OS.o)
 .text.OS_TimeDelay
                0x00000000       0x48 C:\Users\11238639\Desktop\ESRTOSPIT\Project\Library\libOS.a(OS.o)
 .text.OS_TimeGet
                0x00000000       0x24 C:\Users\11238639\Desktop\ESRTOSPIT\Project\Library\libOS.a(OS.o)
 .text.OS_TimeSet
                0x00000000       0x20 C:\Users\11238639\Desktop\ESRTOSPIT\Project\Library\libOS.a(OS.o)
 .debug_macro   0x00000000      0x850 C:\Users\11238639\Desktop\ESRTOSPIT\Project\Library\libOS.a(OS.o)
 .debug_macro   0x00000000       0x16 C:\Users\11238639\Desktop\ESRTOSPIT\Project\Library\libOS.a(OS.o)
 .debug_macro   0x00000000       0x44 C:\Users\11238639\Desktop\ESRTOSPIT\Project\Library\libOS.a(OS.o)
 .debug_macro   0x00000000      0x209 C:\Users\11238639\Desktop\ESRTOSPIT\Project\Library\libOS.a(OS.o)
 .debug_macro   0x00000000     0x17fa C:\Users\11238639\Desktop\ESRTOSPIT\Project\Library\libOS.a(OS.o)
 .debug_macro   0x00000000      0x14e C:\Users\11238639\Desktop\ESRTOSPIT\Project\Library\libOS.a(OS.o)
 .debug_macro   0x00000000       0x64 C:\Users\11238639\Desktop\ESRTOSPIT\Project\Library\libOS.a(OS.o)
 .debug_macro   0x00000000    0x174c1 C:\Users\11238639\Desktop\ESRTOSPIT\Project\Library\libOS.a(OS.o)
 .debug_macro   0x00000000       0x22 C:\Users\11238639\Desktop\ESRTOSPIT\Project\Library\libOS.a(OS.o)
 .debug_macro   0x00000000       0x30 C:\Users\11238639\Desktop\ESRTOSPIT\Project\Library\libOS.a(OS.o)
 .group         0x00000000        0x8 C:\Users\11238639\Desktop\ESRTOSPIT\Project\Library\libAnalog.a(analog.o)
 .group         0x00000000        0x8 C:\Users\11238639\Desktop\ESRTOSPIT\Project\Library\libAnalog.a(analog.o)
 .group         0x00000000        0x8 C:\Users\11238639\Desktop\ESRTOSPIT\Project\Library\libAnalog.a(analog.o)
 .group         0x00000000        0x8 C:\Users\11238639\Desktop\ESRTOSPIT\Project\Library\libAnalog.a(analog.o)
 .group         0x00000000        0x8 C:\Users\11238639\Desktop\ESRTOSPIT\Project\Library\libAnalog.a(analog.o)
 .group         0x00000000        0x8 C:\Users\11238639\Desktop\ESRTOSPIT\Project\Library\libAnalog.a(analog.o)
 .group         0x00000000        0x8 C:\Users\11238639\Desktop\ESRTOSPIT\Project\Library\libAnalog.a(analog.o)
 .text          0x00000000        0x0 C:\Users\11238639\Desktop\ESRTOSPIT\Project\Library\libAnalog.a(analog.o)
 .data          0x00000000        0x0 C:\Users\11238639\Desktop\ESRTOSPIT\Project\Library\libAnalog.a(analog.o)
 .bss           0x00000000        0x0 C:\Users\11238639\Desktop\ESRTOSPIT\Project\Library\libAnalog.a(analog.o)
 .debug_macro   0x00000000      0x850 C:\Users\11238639\Desktop\ESRTOSPIT\Project\Library\libAnalog.a(analog.o)
 .debug_macro   0x00000000      0x166 C:\Users\11238639\Desktop\ESRTOSPIT\Project\Library\libAnalog.a(analog.o)
 .debug_macro   0x00000000       0x16 C:\Users\11238639\Desktop\ESRTOSPIT\Project\Library\libAnalog.a(analog.o)
 .debug_macro   0x00000000       0x44 C:\Users\11238639\Desktop\ESRTOSPIT\Project\Library\libAnalog.a(analog.o)
 .debug_macro   0x00000000      0x209 C:\Users\11238639\Desktop\ESRTOSPIT\Project\Library\libAnalog.a(analog.o)
 .debug_macro   0x00000000       0x22 C:\Users\11238639\Desktop\ESRTOSPIT\Project\Library\libAnalog.a(analog.o)
 .group         0x00000000        0x8 C:\Users\11238639\Desktop\ESRTOSPIT\Project\Library\libAnalog.a(SPI.o)
 .group         0x00000000        0x8 C:\Users\11238639\Desktop\ESRTOSPIT\Project\Library\libAnalog.a(SPI.o)
 .group         0x00000000        0x8 C:\Users\11238639\Desktop\ESRTOSPIT\Project\Library\libAnalog.a(SPI.o)
 .group         0x00000000        0x8 C:\Users\11238639\Desktop\ESRTOSPIT\Project\Library\libAnalog.a(SPI.o)
 .group         0x00000000        0x8 C:\Users\11238639\Desktop\ESRTOSPIT\Project\Library\libAnalog.a(SPI.o)
 .group         0x00000000        0x8 C:\Users\11238639\Desktop\ESRTOSPIT\Project\Library\libAnalog.a(SPI.o)
 .text          0x00000000        0x0 C:\Users\11238639\Desktop\ESRTOSPIT\Project\Library\libAnalog.a(SPI.o)
 .data          0x00000000        0x0 C:\Users\11238639\Desktop\ESRTOSPIT\Project\Library\libAnalog.a(SPI.o)
 .bss           0x00000000        0x0 C:\Users\11238639\Desktop\ESRTOSPIT\Project\Library\libAnalog.a(SPI.o)
 .rodata.MAX_SPI_WAIT_COUNT
                0x00000000        0x2 C:\Users\11238639\Desktop\ESRTOSPIT\Project\Library\libAnalog.a(SPI.o)
 .debug_macro   0x00000000      0x850 C:\Users\11238639\Desktop\ESRTOSPIT\Project\Library\libAnalog.a(SPI.o)
 .debug_macro   0x00000000       0x16 C:\Users\11238639\Desktop\ESRTOSPIT\Project\Library\libAnalog.a(SPI.o)
 .debug_macro   0x00000000       0x44 C:\Users\11238639\Desktop\ESRTOSPIT\Project\Library\libAnalog.a(SPI.o)
 .debug_macro   0x00000000      0x209 C:\Users\11238639\Desktop\ESRTOSPIT\Project\Library\libAnalog.a(SPI.o)
 .debug_macro   0x00000000       0x22 C:\Users\11238639\Desktop\ESRTOSPIT\Project\Library\libAnalog.a(SPI.o)
 .debug_macro   0x00000000    0x174c1 C:\Users\11238639\Desktop\ESRTOSPIT\Project\Library\libAnalog.a(SPI.o)
 .text          0x00000000        0x0 c:/freescale/kds_3.0.0/toolchain/bin/../lib/gcc/arm-none-eabi/4.8.4/../../../../arm-none-eabi/lib/armv7e-m/fpu\libg_s.a(lib_a-exit.o)
 .data          0x00000000        0x0 c:/freescale/kds_3.0.0/toolchain/bin/../lib/gcc/arm-none-eabi/4.8.4/../../../../arm-none-eabi/lib/armv7e-m/fpu\libg_s.a(lib_a-exit.o)
 .bss           0x00000000        0x0 c:/freescale/kds_3.0.0/toolchain/bin/../lib/gcc/arm-none-eabi/4.8.4/../../../../arm-none-eabi/lib/armv7e-m/fpu\libg_s.a(lib_a-exit.o)
 .text          0x00000000        0x0 c:/freescale/kds_3.0.0/toolchain/bin/../lib/gcc/arm-none-eabi/4.8.4/../../../../arm-none-eabi/lib/armv7e-m/fpu\libg_s.a(lib_a-impure.o)
 .data          0x00000000        0x0 c:/freescale/kds_3.0.0/toolchain/bin/../lib/gcc/arm-none-eabi/4.8.4/../../../../arm-none-eabi/lib/armv7e-m/fpu\libg_s.a(lib_a-impure.o)
 .bss           0x00000000        0x0 c:/freescale/kds_3.0.0/toolchain/bin/../lib/gcc/arm-none-eabi/4.8.4/../../../../arm-none-eabi/lib/armv7e-m/fpu\libg_s.a(lib_a-impure.o)
 .data._impure_ptr
                0x00000000        0x4 c:/freescale/kds_3.0.0/toolchain/bin/../lib/gcc/arm-none-eabi/4.8.4/../../../../arm-none-eabi/lib/armv7e-m/fpu\libg_s.a(lib_a-impure.o)
 .text          0x00000000        0x0 c:/freescale/kds_3.0.0/toolchain/bin/../lib/gcc/arm-none-eabi/4.8.4/../../../../arm-none-eabi/lib/armv7e-m/fpu\libg_s.a(lib_a-init.o)
 .data          0x00000000        0x0 c:/freescale/kds_3.0.0/toolchain/bin/../lib/gcc/arm-none-eabi/4.8.4/../../../../arm-none-eabi/lib/armv7e-m/fpu\libg_s.a(lib_a-init.o)
 .bss           0x00000000        0x0 c:/freescale/kds_3.0.0/toolchain/bin/../lib/gcc/arm-none-eabi/4.8.4/../../../../arm-none-eabi/lib/armv7e-m/fpu\libg_s.a(lib_a-init.o)
 .text          0x00000000        0x0 c:/freescale/kds_3.0.0/toolchain/bin/../lib/gcc/arm-none-eabi/4.8.4/../../../../arm-none-eabi/lib/armv7e-m/fpu\libg_s.a(lib_a-memset.o)
 .data          0x00000000        0x0 c:/freescale/kds_3.0.0/toolchain/bin/../lib/gcc/arm-none-eabi/4.8.4/../../../../arm-none-eabi/lib/armv7e-m/fpu\libg_s.a(lib_a-memset.o)
 .bss           0x00000000        0x0 c:/freescale/kds_3.0.0/toolchain/bin/../lib/gcc/arm-none-eabi/4.8.4/../../../../arm-none-eabi/lib/armv7e-m/fpu\libg_s.a(lib_a-memset.o)
 .text          0x00000000        0x0 c:/freescale/kds_3.0.0/toolchain/bin/../lib/gcc/arm-none-eabi/4.8.4/../../../../arm-none-eabi/lib/armv7e-m/fpu\libnosys.a(_exit.o)
 .data          0x00000000        0x0 c:/freescale/kds_3.0.0/toolchain/bin/../lib/gcc/arm-none-eabi/4.8.4/../../../../arm-none-eabi/lib/armv7e-m/fpu\libnosys.a(_exit.o)
 .bss           0x00000000        0x0 c:/freescale/kds_3.0.0/toolchain/bin/../lib/gcc/arm-none-eabi/4.8.4/../../../../arm-none-eabi/lib/armv7e-m/fpu\libnosys.a(_exit.o)
 .text          0x00000000        0x0 c:/freescale/kds_3.0.0/toolchain/bin/../lib/gcc/arm-none-eabi/4.8.4/armv7e-m/fpu/crtend.o
 .data          0x00000000        0x0 c:/freescale/kds_3.0.0/toolchain/bin/../lib/gcc/arm-none-eabi/4.8.4/armv7e-m/fpu/crtend.o
 .bss           0x00000000        0x0 c:/freescale/kds_3.0.0/toolchain/bin/../lib/gcc/arm-none-eabi/4.8.4/armv7e-m/fpu/crtend.o
 .eh_frame      0x00000000        0x4 c:/freescale/kds_3.0.0/toolchain/bin/../lib/gcc/arm-none-eabi/4.8.4/armv7e-m/fpu/crtend.o
 .jcr           0x00000000        0x4 c:/freescale/kds_3.0.0/toolchain/bin/../lib/gcc/arm-none-eabi/4.8.4/armv7e-m/fpu/crtend.o
 .ARM.attributes
                0x00000000       0x34 c:/freescale/kds_3.0.0/toolchain/bin/../lib/gcc/arm-none-eabi/4.8.4/armv7e-m/fpu/crtend.o
 .text          0x00000000        0x0 c:/freescale/kds_3.0.0/toolchain/bin/../lib/gcc/arm-none-eabi/4.8.4/armv7e-m/fpu/crtn.o
 .data          0x00000000        0x0 c:/freescale/kds_3.0.0/toolchain/bin/../lib/gcc/arm-none-eabi/4.8.4/armv7e-m/fpu/crtn.o
 .bss           0x00000000        0x0 c:/freescale/kds_3.0.0/toolchain/bin/../lib/gcc/arm-none-eabi/4.8.4/armv7e-m/fpu/crtn.o

Memory Configuration

Name             Origin             Length             Attributes
m_interrupts     0x00000000         0x000001e8         xr
m_text           0x00000410         0x0007fbf0         xr
m_data           0x1fff0000         0x00010000         rw
m_data_20000000  0x20000000         0x00010000         rw
m_cfmprotrom     0x00000400         0x00000010         xr
*default*        0x00000000         0xffffffff

Linker script and memory map

LOAD c:/freescale/kds_3.0.0/toolchain/bin/../lib/gcc/arm-none-eabi/4.8.4/armv7e-m/fpu/crti.o
LOAD c:/freescale/kds_3.0.0/toolchain/bin/../lib/gcc/arm-none-eabi/4.8.4/armv7e-m/fpu/crtbegin.o
LOAD c:/freescale/kds_3.0.0/toolchain/bin/../lib/gcc/arm-none-eabi/4.8.4/../../../../arm-none-eabi/lib/armv7e-m/fpu/crt0.o
LOAD ./Sources/LEDs.o
LOAD ./Sources/main.o
LOAD ./Project_Settings/Startup_Code/startup.o
LOAD ./Generated_Code/Cpu.o
LOAD ./Generated_Code/Vectors.o
LOAD C:\Users\11238639\Desktop\ESRTOSPIT\Project\Library\libOS.a
LOAD C:\Users\11238639\Desktop\ESRTOSPIT\Project\Library\libAnalog.a
LOAD c:/freescale/kds_3.0.0/toolchain/bin/../lib/gcc/arm-none-eabi/4.8.4/../../../../arm-none-eabi/lib/armv7e-m/fpu\libstdc++_s.a
LOAD c:/freescale/kds_3.0.0/toolchain/bin/../lib/gcc/arm-none-eabi/4.8.4/../../../../arm-none-eabi/lib/armv7e-m/fpu\libm.a
START GROUP
LOAD c:/freescale/kds_3.0.0/toolchain/bin/../lib/gcc/arm-none-eabi/4.8.4/armv7e-m/fpu\libgcc.a
LOAD c:/freescale/kds_3.0.0/toolchain/bin/../lib/gcc/arm-none-eabi/4.8.4/../../../../arm-none-eabi/lib/armv7e-m/fpu\libg_s.a
LOAD c:/freescale/kds_3.0.0/toolchain/bin/../lib/gcc/arm-none-eabi/4.8.4/../../../../arm-none-eabi/lib/armv7e-m/fpu\libc_s.a
END GROUP
START GROUP
LOAD c:/freescale/kds_3.0.0/toolchain/bin/../lib/gcc/arm-none-eabi/4.8.4/armv7e-m/fpu\libgcc.a
LOAD c:/freescale/kds_3.0.0/toolchain/bin/../lib/gcc/arm-none-eabi/4.8.4/../../../../arm-none-eabi/lib/armv7e-m/fpu\libc_s.a
LOAD c:/freescale/kds_3.0.0/toolchain/bin/../lib/gcc/arm-none-eabi/4.8.4/../../../../arm-none-eabi/lib/armv7e-m/fpu\libnosys.a
END GROUP
START GROUP
LOAD c:/freescale/kds_3.0.0/toolchain/bin/../lib/gcc/arm-none-eabi/4.8.4/armv7e-m/fpu\libgcc.a
LOAD c:/freescale/kds_3.0.0/toolchain/bin/../lib/gcc/arm-none-eabi/4.8.4/../../../../arm-none-eabi/lib/armv7e-m/fpu\libc_s.a
LOAD c:/freescale/kds_3.0.0/toolchain/bin/../lib/gcc/arm-none-eabi/4.8.4/../../../../arm-none-eabi/lib/armv7e-m/fpu\libnosys.a
END GROUP
LOAD c:/freescale/kds_3.0.0/toolchain/bin/../lib/gcc/arm-none-eabi/4.8.4/armv7e-m/fpu/crtend.o
LOAD c:/freescale/kds_3.0.0/toolchain/bin/../lib/gcc/arm-none-eabi/4.8.4/armv7e-m/fpu/crtn.o
                0x20000000                _estack = 0x20000000
                0x20000000                __SP_INIT = _estack
                0x20000000                __stack = _estack
                0x00000000                __heap_size = 0x0
                0x00000400                __stack_size = 0x400

.interrupts     0x00000000      0x1e8
                0x00000000                __vector_table = .
                0x00000000                . = ALIGN (0x4)
 *(.vectortable)
 .vectortable   0x00000000      0x1e8 ./Generated_Code/Vectors.o
                0x00000000                __vect_table
                0x000001e8                . = ALIGN (0x4)

.cfmprotect     0x00000400       0x10
                0x00000400                . = ALIGN (0x4)
 *(.cfmconfig)
 .cfmconfig     0x00000400       0x10 ./Generated_Code/Cpu.o
                0x00000400                _cfm
                0x00000410                . = ALIGN (0x4)

.text           0x00000410     0x1cd8
                0x00000410                . = ALIGN (0x4)
 *(.text)
 .text          0x00000410       0x54 c:/freescale/kds_3.0.0/toolchain/bin/../lib/gcc/arm-none-eabi/4.8.4/armv7e-m/fpu/crtbegin.o
 .text          0x00000464       0x74 c:/freescale/kds_3.0.0/toolchain/bin/../lib/gcc/arm-none-eabi/4.8.4/../../../../arm-none-eabi/lib/armv7e-m/fpu/crt0.o
                0x00000464                _start
                0x00000464                _mainCRTStartup
 *(.text*)
 .text.LEDs_Init
                0x000004d8       0xb0 ./Sources/LEDs.o
                0x000004d8                LEDs_Init
 .text.LEDs_Off
                0x00000588       0x1c ./Sources/LEDs.o
                0x00000588                LEDs_Off
 .text.LEDs_Toggle
                0x000005a4       0x1c ./Sources/LEDs.o
                0x000005a4                LEDs_Toggle
 .text.PIT_Init
                0x000005c0       0x78 ./Sources/main.o
                0x000005c0                PIT_Init
 .text.PIT_Set  0x00000638       0x48 ./Sources/main.o
                0x00000638                PIT_Set
 .text.PIT_Enable
                0x00000680       0x40 ./Sources/main.o
                0x00000680                PIT_Enable
 .text.PIT_ISR  0x000006c0       0x58 ./Sources/main.o
                0x000006c0                PIT_ISR
 .text.LPTimer_ISR
                0x00000718       0x58 ./Sources/main.o
                0x00000718                LPTimer_ISR
 .text.InitModulesThread
                0x00000770       0x60 ./Sources/main.o
 .text.AnalogLoopbackThread
                0x000007d0       0x38 ./Sources/main.o
                0x000007d0                AnalogLoopbackThread
 .text.main     0x00000808       0x88 ./Sources/main.o
                0x00000808                main
 .text.__copy_rom_section
                0x00000890       0xe4 ./Project_Settings/Startup_Code/startup.o
                0x00000890                __copy_rom_section
 .text.__copy_rom_sections_to_ram
                0x00000974       0x9c ./Project_Settings/Startup_Code/startup.o
                0x00000974                __copy_rom_sections_to_ram
 .text.__init_registers
                0x00000a10       0x20 ./Project_Settings/Startup_Code/startup.o
                0x00000a10                __init_registers
 .text.__init_user
                0x00000a30        0xc ./Project_Settings/Startup_Code/startup.o
                0x00000a30                __init_user
 .text.__thumb_startup
                0x00000a3c       0x34 ./Project_Settings/Startup_Code/startup.o
                0x00000a3c                __thumb_startup
 .text.Cpu_Interrupt
                0x00000a70       0x18 ./Generated_Code/Cpu.o
                0x00000a70                Cpu_Interrupt
 .text.__init_hardware
                0x00000a88      0x1cc ./Generated_Code/Cpu.o
                0x00000a88                __init_hardware
 .text.Cpu_SetBASEPRI
                0x00000c54       0x18 ./Generated_Code/Cpu.o
                0x00000c54                Cpu_SetBASEPRI
 .text.PE_low_level_init
                0x00000c6c       0xe4 ./Generated_Code/Cpu.o
                0x00000c6c                PE_low_level_init
 .text.OS_Init  0x00000d50      0x110 C:\Users\11238639\Desktop\ESRTOSPIT\Project\Library\libOS.a(OS.o)
                0x00000d50                OS_Init
 .text.OS_ISREnter
                0x00000e60       0x20 C:\Users\11238639\Desktop\ESRTOSPIT\Project\Library\libOS.a(OS.o)
                0x00000e60                OS_ISREnter
 .text.OS_ISRExit
                0x00000e80       0x1c C:\Users\11238639\Desktop\ESRTOSPIT\Project\Library\libOS.a(OS.o)
                0x00000e80                OS_ISRExit
 .text.OS_SemaphoreCreate
                0x00000e9c       0x90 C:\Users\11238639\Desktop\ESRTOSPIT\Project\Library\libOS.a(OS.o)
                0x00000e9c                OS_SemaphoreCreate
 .text.OS_SemaphoreSignal
                0x00000f2c       0x44 C:\Users\11238639\Desktop\ESRTOSPIT\Project\Library\libOS.a(OS.o)
                0x00000f2c                OS_SemaphoreSignal
 .text.OS_SemaphoreWait
                0x00000f70       0x58 C:\Users\11238639\Desktop\ESRTOSPIT\Project\Library\libOS.a(OS.o)
                0x00000f70                OS_SemaphoreWait
 .text.OS_Start
                0x00000fc8       0x10 C:\Users\11238639\Desktop\ESRTOSPIT\Project\Library\libOS.a(OS.o)
                0x00000fc8                OS_Start
 .text.OS_ThreadCreate
                0x00000fd8      0x160 C:\Users\11238639\Desktop\ESRTOSPIT\Project\Library\libOS.a(OS.o)
                0x00000fd8                OS_ThreadCreate
 .text.OS_ThreadDelete
                0x00001138      0x18c C:\Users\11238639\Desktop\ESRTOSPIT\Project\Library\libOS.a(OS.o)
                0x00001138                OS_ThreadDelete
 .text.EventThreadReady
                0x000012c4       0x68 C:\Users\11238639\Desktop\ESRTOSPIT\Project\Library\libOS.a(OS.o)
 .text.EventThreadWait
                0x0000132c       0x64 C:\Users\11238639\Desktop\ESRTOSPIT\Project\Library\libOS.a(OS.o)
 .text.EventTimeout
                0x00001390       0x40 C:\Users\11238639\Desktop\ESRTOSPIT\Project\Library\libOS.a(OS.o)
 .text.Idle     0x000013d0       0x18 C:\Users\11238639\Desktop\ESRTOSPIT\Project\Library\libOS.a(OS.o)
 .text.FindFirstSet
                0x000013e8       0x44 C:\Users\11238639\Desktop\ESRTOSPIT\Project\Library\libOS.a(OS.o)
 .text.Schedule
                0x0000142c       0x64 C:\Users\11238639\Desktop\ESRTOSPIT\Project\Library\libOS.a(OS.o)
 .text.TCBInit  0x00001490       0xcc C:\Users\11238639\Desktop\ESRTOSPIT\Project\Library\libOS.a(OS.o)
 .text.TimeTick
                0x0000155c       0x74 C:\Users\11238639\Desktop\ESRTOSPIT\Project\Library\libOS.a(OS.o)
 .text.OS_ContextSwitchISR
                0x000015d0       0x70 C:\Users\11238639\Desktop\ESRTOSPIT\Project\Library\libOS.a(OS.o)
                0x000015d0                OS_ContextSwitchISR
 .text.OS_SysTickISR
                0x00001640       0x5c C:\Users\11238639\Desktop\ESRTOSPIT\Project\Library\libOS.a(OS.o)
                0x00001640                OS_SysTickISR
 .text.DACWrite
                0x0000169c       0x6c C:\Users\11238639\Desktop\ESRTOSPIT\Project\Library\libAnalog.a(analog.o)
 .text.Analog_Init
                0x00001708       0x7c C:\Users\11238639\Desktop\ESRTOSPIT\Project\Library\libAnalog.a(analog.o)
                0x00001708                Analog_Init
 .text.Analog_Get
                0x00001784       0x78 C:\Users\11238639\Desktop\ESRTOSPIT\Project\Library\libAnalog.a(analog.o)
                0x00001784                Analog_Get
 .text.Analog_Put
                0x000017fc       0x50 C:\Users\11238639\Desktop\ESRTOSPIT\Project\Library\libAnalog.a(analog.o)
                0x000017fc                Analog_Put
 .text.InitChipSelectPins
                0x0000184c       0x6c C:\Users\11238639\Desktop\ESRTOSPIT\Project\Library\libAnalog.a(SPI.o)
 .text.SetupModuleConfigurationRegister
                0x000018b8      0x104 C:\Users\11238639\Desktop\ESRTOSPIT\Project\Library\libAnalog.a(SPI.o)
 .text.SetBaudRate
                0x000019bc      0x15c C:\Users\11238639\Desktop\ESRTOSPIT\Project\Library\libAnalog.a(SPI.o)
 .text.SetDelayAfterTransfer
                0x00001b18      0x168 C:\Users\11238639\Desktop\ESRTOSPIT\Project\Library\libAnalog.a(SPI.o)
 .text.SetupClockAndTransferAttributesRegister
                0x00001c80      0x16c C:\Users\11238639\Desktop\ESRTOSPIT\Project\Library\libAnalog.a(SPI.o)
 .text.SPI_Init
                0x00001dec       0x90 C:\Users\11238639\Desktop\ESRTOSPIT\Project\Library\libAnalog.a(SPI.o)
                0x00001dec                SPI_Init
 .text.SPI_SelectSlaveDevice
                0x00001e7c       0x6c C:\Users\11238639\Desktop\ESRTOSPIT\Project\Library\libAnalog.a(SPI.o)
                0x00001e7c                SPI_SelectSlaveDevice
 .text.SPI_Exchange
                0x00001ee8       0x94 C:\Users\11238639\Desktop\ESRTOSPIT\Project\Library\libAnalog.a(SPI.o)
                0x00001ee8                SPI_Exchange
 .text.exit     0x00001f7c       0x28 c:/freescale/kds_3.0.0/toolchain/bin/../lib/gcc/arm-none-eabi/4.8.4/../../../../arm-none-eabi/lib/armv7e-m/fpu\libg_s.a(lib_a-exit.o)
                0x00001f7c                exit
 .text.__libc_init_array
                0x00001fa4       0x4c c:/freescale/kds_3.0.0/toolchain/bin/../lib/gcc/arm-none-eabi/4.8.4/../../../../arm-none-eabi/lib/armv7e-m/fpu\libg_s.a(lib_a-init.o)
                0x00001fa4                __libc_init_array
 .text.memset   0x00001ff0       0x10 c:/freescale/kds_3.0.0/toolchain/bin/../lib/gcc/arm-none-eabi/4.8.4/../../../../arm-none-eabi/lib/armv7e-m/fpu\libg_s.a(lib_a-memset.o)
                0x00001ff0                memset
 .text._exit    0x00002000        0x4 c:/freescale/kds_3.0.0/toolchain/bin/../lib/gcc/arm-none-eabi/4.8.4/../../../../arm-none-eabi/lib/armv7e-m/fpu\libnosys.a(_exit.o)
                0x00002000                _exit
 *(.rodata)
 .rodata        0x00002004        0x4 C:\Users\11238639\Desktop\ESRTOSPIT\Project\Library\libAnalog.a(analog.o)
 .rodata        0x00002008       0xa0 C:\Users\11238639\Desktop\ESRTOSPIT\Project\Library\libAnalog.a(SPI.o)
 *(.rodata*)
 .rodata.ANALOG_THREAD_PRIORITIES
                0x000020a8        0x4 ./Sources/main.o
                0x000020a8                ANALOG_THREAD_PRIORITIES
 .rodata.SPI_SETUP
                0x000020ac       0x1c C:\Users\11238639\Desktop\ESRTOSPIT\Project\Library\libAnalog.a(analog.o)
 .rodata.str1.1
                0x000020c8        0x2 c:/freescale/kds_3.0.0/toolchain/bin/../lib/gcc/arm-none-eabi/4.8.4/../../../../arm-none-eabi/lib/armv7e-m/fpu\libg_s.a(lib_a-impure.o)
 *fill*         0x000020ca        0x2 
 .rodata._global_impure_ptr
                0x000020cc        0x4 c:/freescale/kds_3.0.0/toolchain/bin/../lib/gcc/arm-none-eabi/4.8.4/../../../../arm-none-eabi/lib/armv7e-m/fpu\libg_s.a(lib_a-impure.o)
                0x000020cc                _global_impure_ptr
 *(.glue_7)
 .glue_7        0x00000000        0x0 linker stubs
 *(.glue_7t)
 .glue_7t       0x00000000        0x0 linker stubs
 *(.eh_frame)
 .eh_frame      0x000020d0        0x0 c:/freescale/kds_3.0.0/toolchain/bin/../lib/gcc/arm-none-eabi/4.8.4/armv7e-m/fpu/crtbegin.o
 *(.init)
 .init          0x000020d0        0x4 c:/freescale/kds_3.0.0/toolchain/bin/../lib/gcc/arm-none-eabi/4.8.4/armv7e-m/fpu/crti.o
                0x000020d0                _init
 .init          0x000020d4        0x8 c:/freescale/kds_3.0.0/toolchain/bin/../lib/gcc/arm-none-eabi/4.8.4/armv7e-m/fpu/crtn.o
 *(.fini)
 .fini          0x000020dc        0x4 c:/freescale/kds_3.0.0/toolchain/bin/../lib/gcc/arm-none-eabi/4.8.4/armv7e-m/fpu/crti.o
                0x000020dc                _fini
 .fini          0x000020e0        0x8 c:/freescale/kds_3.0.0/toolchain/bin/../lib/gcc/arm-none-eabi/4.8.4/armv7e-m/fpu/crtn.o
                0x000020e8                . = ALIGN (0x4)
                0x000020e8                _etext = .

.vfp11_veneer   0x000020e8        0x0
 .vfp11_veneer  0x00000000        0x0 linker stubs

.v4_bx          0x000020e8        0x0
 .v4_bx         0x00000000        0x0 linker stubs

.iplt           0x000020e8        0x0
 .iplt          0x00000000        0x0 c:/freescale/kds_3.0.0/toolchain/bin/../lib/gcc/arm-none-eabi/4.8.4/armv7e-m/fpu/crtbegin.o

.ARM.extab
 *(.ARM.extab* .gnu.linkonce.armextab.*)

.ARM            0x000020e8        0x8
                0x000020e8                __exidx_start = .
 *(.ARM.exidx*)
 .ARM.exidx     0x000020e8        0x8 c:/freescale/kds_3.0.0/toolchain/bin/../lib/gcc/arm-none-eabi/4.8.4/../../../../arm-none-eabi/lib/armv7e-m/fpu/crt0.o
                0x000020f0                __exidx_end = .

.rel.dyn        0x000020f0        0x0
 .rel.iplt      0x00000000        0x0 c:/freescale/kds_3.0.0/toolchain/bin/../lib/gcc/arm-none-eabi/4.8.4/armv7e-m/fpu/crtbegin.o

.ctors          0x000020f0        0x0
                0x000020f0                __CTOR_LIST__ = .
 *crtbegin.o(.ctors)
 *(EXCLUDE_FILE(*crtend.o) .ctors)
 *(SORT(.ctors.*))
 *(.ctors)
                0x000020f0                __CTOR_END__ = .

.dtors          0x000020f0        0x0
                0x000020f0                __DTOR_LIST__ = .
 *crtbegin.o(.dtors)
 *(EXCLUDE_FILE(*crtend.o) .dtors)
 *(SORT(.dtors.*))
 *(.dtors)
                0x000020f0                __DTOR_END__ = .

.preinit_array  0x000020f0        0x0
                0x000020f0                PROVIDE (__preinit_array_start, .)
 *(.preinit_array*)
                0x000020f0                PROVIDE (__preinit_array_end, .)

.init_array     0x000020f0        0x4
                0x000020f0                PROVIDE (__init_array_start, .)
 *(SORT(.init_array.*))
 *(.init_array*)
 .init_array    0x000020f0        0x4 c:/freescale/kds_3.0.0/toolchain/bin/../lib/gcc/arm-none-eabi/4.8.4/armv7e-m/fpu/crtbegin.o
                0x000020f4                PROVIDE (__init_array_end, .)

.fini_array     0x000020f4        0x4
                0x000020f4                PROVIDE (__fini_array_start, .)
 *(SORT(.fini_array.*))
 *(.fini_array*)
 .fini_array    0x000020f4        0x4 c:/freescale/kds_3.0.0/toolchain/bin/../lib/gcc/arm-none-eabi/4.8.4/armv7e-m/fpu/crtbegin.o
                0x000020f8                PROVIDE (__fini_array_end, .)
                0x000020f8                ___ROM_AT = .

.data           0x1fff0000       0x74 load address 0x000020f8
                0x1fff0000                . = ALIGN (0x4)
                0x1fff0000                _sdata = .
 *(.data)
 *(.data*)
 .data.AnalogThreadData
                0x1fff0000       0x10 ./Sources/main.o
 .data.MICROSECOND
                0x1fff0010        0x4 ./Sources/main.o
 .data.impure_data
                0x1fff0014       0x60 c:/freescale/kds_3.0.0/toolchain/bin/../lib/gcc/arm-none-eabi/4.8.4/../../../../arm-none-eabi/lib/armv7e-m/fpu\libg_s.a(lib_a-impure.o)
                0x1fff0074                . = ALIGN (0x4)
                0x1fff0074                _edata = .
                0x00000074                ___data_size = (_edata - _sdata)
                0x0000216c                ___m_data_20000000_ROMStart = (___ROM_AT + SIZEOF (.data))

.jcr            0x1fff0074        0x0 load address 0x0000216c
 .jcr           0x1fff0074        0x0 c:/freescale/kds_3.0.0/toolchain/bin/../lib/gcc/arm-none-eabi/4.8.4/armv7e-m/fpu/crtbegin.o

.igot.plt       0x1fff0074        0x0 load address 0x0000216c
 .igot.plt      0x00000000        0x0 c:/freescale/kds_3.0.0/toolchain/bin/../lib/gcc/arm-none-eabi/4.8.4/armv7e-m/fpu/crtbegin.o

.m_data_20000000
                0x20000000        0x0 load address 0x0000216c
                0x20000000                . = ALIGN (0x4)
                0x20000000                ___m_data_20000000_RAMStart = .
 *(.m_data_20000000)
                0x20000000                ___m_data_20000000_RAMEnd = .
                0x20000000                . = ALIGN (0x4)
                0x00000000                ___m_data_20000000_ROMSize = (___m_data_20000000_RAMEnd - ___m_data_20000000_RAMStart)
                0x20000000                . = ALIGN (0x4)

.bss            0x1fff0078      0xda8 load address 0x00002170
                0x1fff0078                __START_BSS = .
                0x1fff0078                PROVIDE (__bss_start__, __START_BSS)
 *(.bss)
 .bss           0x1fff0078       0x1c c:/freescale/kds_3.0.0/toolchain/bin/../lib/gcc/arm-none-eabi/4.8.4/armv7e-m/fpu/crtbegin.o
 *(.bss*)
 *fill*         0x1fff0094        0x4 
 .bss.InitModulesThreadStack
                0x1fff0098      0x190 ./Sources/main.o
 .bss.AnalogThreadStacks
                0x1fff0228      0x320 ./Sources/main.o
 .bss.ticksPerMicroSecond
                0x1fff0548        0x4 ./Sources/main.o
 .bss.SR_lock   0x1fff054c        0x1 ./Generated_Code/Cpu.o
                0x1fff054c                SR_lock
 *fill*         0x1fff054d        0x3 
 .bss.TCBUnusedMain
                0x1fff0550       0x18 C:\Users\11238639\Desktop\ESRTOSPIT\Project\Library\libOS.a(OS.o)
 .bss.TCBTable  0x1fff0568      0x300 C:\Users\11238639\Desktop\ESRTOSPIT\Project\Library\libOS.a(OS.o)
 .bss.pTCBFreeList
                0x1fff0868        0x4 C:\Users\11238639\Desktop\ESRTOSPIT\Project\Library\libOS.a(OS.o)
 .bss.pTCBAllocatedList
                0x1fff086c        0x4 C:\Users\11238639\Desktop\ESRTOSPIT\Project\Library\libOS.a(OS.o)
 .bss.pTCBPriorityTable
                0x1fff0870       0x80 C:\Users\11238639\Desktop\ESRTOSPIT\Project\Library\libOS.a(OS.o)
 .bss.pTCBRunning
                0x1fff08f0        0x4 C:\Users\11238639\Desktop\ESRTOSPIT\Project\Library\libOS.a(OS.o)
 .bss.pTCBHighestReady
                0x1fff08f4        0x4 C:\Users\11238639\Desktop\ESRTOSPIT\Project\Library\libOS.a(OS.o)
 .bss.ReadyList
                0x1fff08f8        0x4 C:\Users\11238639\Desktop\ESRTOSPIT\Project\Library\libOS.a(OS.o)
 .bss.ECBTable  0x1fff08fc      0x100 C:\Users\11238639\Desktop\ESRTOSPIT\Project\Library\libOS.a(OS.o)
 .bss.NextECBFree
                0x1fff09fc        0x1 C:\Users\11238639\Desktop\ESRTOSPIT\Project\Library\libOS.a(OS.o)
 *fill*         0x1fff09fd        0x3 
 .bss.IdleCounter
                0x1fff0a00        0x4 C:\Users\11238639\Desktop\ESRTOSPIT\Project\Library\libOS.a(OS.o)
 *fill*         0x1fff0a04        0x4 
 .bss.IdleStack
                0x1fff0a08      0x400 C:\Users\11238639\Desktop\ESRTOSPIT\Project\Library\libOS.a(OS.o)
 .bss.Ticks     0x1fff0e08        0x4 C:\Users\11238639\Desktop\ESRTOSPIT\Project\Library\libOS.a(OS.o)
 .bss.ToggleCntr
                0x1fff0e0c        0x4 C:\Users\11238639\Desktop\ESRTOSPIT\Project\Library\libOS.a(OS.o)
 .bss.ToggleLED
                0x1fff0e10        0x1 C:\Users\11238639\Desktop\ESRTOSPIT\Project\Library\libOS.a(OS.o)
 .bss.ISRNestLevel
                0x1fff0e11        0x1 C:\Users\11238639\Desktop\ESRTOSPIT\Project\Library\libOS.a(OS.o)
 *fill*         0x1fff0e12        0x2 
 .bss.ADCCommandUnion
                0x1fff0e14        0x4 C:\Users\11238639\Desktop\ESRTOSPIT\Project\Library\libAnalog.a(analog.o)
 *(COMMON)
 COMMON         0x1fff0e18        0x1 ./Generated_Code/Cpu.o
                0x1fff0e18                SR_reg
 *fill*         0x1fff0e19        0x3 
 COMMON         0x1fff0e1c        0x4 C:\Users\11238639\Desktop\ESRTOSPIT\Project\Library\libAnalog.a(analog.o)
                0x1fff0e1c                DACInput
                0x1fff0e20                . = ALIGN (0x4)
                0x1fff0e20                __END_BSS = .
                0x1fff0e20                PROVIDE (__bss_end__, __END_BSS)
                0x0000216c                _romp_at = ((___ROM_AT + SIZEOF (.data)) + SIZEOF (.m_data_20000000))

.romp           0x1fff0e20       0x24 load address 0x0000216c
                0x0000216c                __S_romp = _romp_at
                0x1fff0e20        0x4 LONG 0x20f8 ___ROM_AT
                0x1fff0e24        0x4 LONG 0x1fff0000 _sdata
                0x1fff0e28        0x4 LONG 0x74 ___data_size
                0x1fff0e2c        0x4 LONG 0x216c ___m_data_20000000_ROMStart
                0x1fff0e30        0x4 LONG 0x20000000 ___m_data_20000000_RAMStart
                0x1fff0e34        0x4 LONG 0x0 ___m_data_20000000_ROMSize
                0x1fff0e38        0x4 LONG 0x0
                0x1fff0e3c        0x4 LONG 0x0
                0x1fff0e40        0x4 LONG 0x0

._user_heap_stack
                0x1fff0e44      0x400 load address 0x00002190
                0x1fff0e44                . = ALIGN (0x4)
                0x1fff0e44                PROVIDE (end, .)
                0x1fff0e44                PROVIDE (_end, .)
                0x1fff0e44                __heap_addr = .
                0x1fff0e44                __HeapBase = .
                0x1fff0e44                . = (. + __heap_size)
                0x1fff0e44                __HeapLimit = .
                0x1fff1244                . = (. + __stack_size)
 *fill*         0x1fff0e44      0x400 
                0x1fff1244                . = ALIGN (0x4)

.ARM.attributes
                0x00000000       0x30
 *(.ARM.attributes)
 .ARM.attributes
                0x00000000       0x22 c:/freescale/kds_3.0.0/toolchain/bin/../lib/gcc/arm-none-eabi/4.8.4/armv7e-m/fpu/crti.o
 .ARM.attributes
                0x00000022       0x34 c:/freescale/kds_3.0.0/toolchain/bin/../lib/gcc/arm-none-eabi/4.8.4/armv7e-m/fpu/crtbegin.o
 .ARM.attributes
                0x00000056       0x20 c:/freescale/kds_3.0.0/toolchain/bin/../lib/gcc/arm-none-eabi/4.8.4/../../../../arm-none-eabi/lib/armv7e-m/fpu/crt0.o
 .ARM.attributes
                0x00000076       0x39 ./Sources/LEDs.o
 .ARM.attributes
                0x000000af       0x39 ./Sources/main.o
 .ARM.attributes
                0x000000e8       0x39 ./Project_Settings/Startup_Code/startup.o
 .ARM.attributes
                0x00000121       0x39 ./Generated_Code/Cpu.o
 .ARM.attributes
                0x0000015a       0x39 ./Generated_Code/Vectors.o
 .ARM.attributes
                0x00000193       0x39 C:\Users\11238639\Desktop\ESRTOSPIT\Project\Library\libOS.a(OS.o)
 .ARM.attributes
                0x000001cc       0x39 C:\Users\11238639\Desktop\ESRTOSPIT\Project\Library\libAnalog.a(analog.o)
 .ARM.attributes
                0x00000205       0x39 C:\Users\11238639\Desktop\ESRTOSPIT\Project\Library\libAnalog.a(SPI.o)
 .ARM.attributes
                0x0000023e       0x34 c:/freescale/kds_3.0.0/toolchain/bin/../lib/gcc/arm-none-eabi/4.8.4/../../../../arm-none-eabi/lib/armv7e-m/fpu\libg_s.a(lib_a-exit.o)
 .ARM.attributes
                0x00000272       0x34 c:/freescale/kds_3.0.0/toolchain/bin/../lib/gcc/arm-none-eabi/4.8.4/../../../../arm-none-eabi/lib/armv7e-m/fpu\libg_s.a(lib_a-impure.o)
 .ARM.attributes
                0x000002a6       0x34 c:/freescale/kds_3.0.0/toolchain/bin/../lib/gcc/arm-none-eabi/4.8.4/../../../../arm-none-eabi/lib/armv7e-m/fpu\libg_s.a(lib_a-init.o)
 .ARM.attributes
                0x000002da       0x34 c:/freescale/kds_3.0.0/toolchain/bin/../lib/gcc/arm-none-eabi/4.8.4/../../../../arm-none-eabi/lib/armv7e-m/fpu\libg_s.a(lib_a-memset.o)
 .ARM.attributes
                0x0000030e       0x34 c:/freescale/kds_3.0.0/toolchain/bin/../lib/gcc/arm-none-eabi/4.8.4/../../../../arm-none-eabi/lib/armv7e-m/fpu\libnosys.a(_exit.o)
 .ARM.attributes
                0x00000342       0x22 c:/freescale/kds_3.0.0/toolchain/bin/../lib/gcc/arm-none-eabi/4.8.4/armv7e-m/fpu/crtn.o
OUTPUT(Project.elf elf32-littlearm)

.debug_info     0x00000000     0x3a3f
 .debug_info    0x00000000      0x490 ./Sources/LEDs.o
 .debug_info    0x00000490      0x8a2 ./Sources/main.o
 .debug_info    0x00000d32      0x3b0 ./Project_Settings/Startup_Code/startup.o
 .debug_info    0x000010e2      0xc82 ./Generated_Code/Cpu.o
 .debug_info    0x00001d64      0x10f ./Generated_Code/Vectors.o
 .debug_info    0x00001e73      0xd02 C:\Users\11238639\Desktop\ESRTOSPIT\Project\Library\libOS.a(OS.o)
 .debug_info    0x00002b75      0x46a C:\Users\11238639\Desktop\ESRTOSPIT\Project\Library\libAnalog.a(analog.o)
 .debug_info    0x00002fdf      0xa60 C:\Users\11238639\Desktop\ESRTOSPIT\Project\Library\libAnalog.a(SPI.o)

.debug_abbrev   0x00000000      0xd5b
 .debug_abbrev  0x00000000      0x144 ./Sources/LEDs.o
 .debug_abbrev  0x00000144      0x247 ./Sources/main.o
 .debug_abbrev  0x0000038b      0x189 ./Project_Settings/Startup_Code/startup.o
 .debug_abbrev  0x00000514      0x185 ./Generated_Code/Cpu.o
 .debug_abbrev  0x00000699       0xa4 ./Generated_Code/Vectors.o
 .debug_abbrev  0x0000073d      0x2f8 C:\Users\11238639\Desktop\ESRTOSPIT\Project\Library\libOS.a(OS.o)
 .debug_abbrev  0x00000a35      0x151 C:\Users\11238639\Desktop\ESRTOSPIT\Project\Library\libAnalog.a(analog.o)
 .debug_abbrev  0x00000b86      0x1d5 C:\Users\11238639\Desktop\ESRTOSPIT\Project\Library\libAnalog.a(SPI.o)

.debug_aranges  0x00000000      0x290
 .debug_aranges
                0x00000000       0x38 ./Sources/LEDs.o
 .debug_aranges
                0x00000038       0x60 ./Sources/main.o
 .debug_aranges
                0x00000098       0x50 ./Project_Settings/Startup_Code/startup.o
 .debug_aranges
                0x000000e8       0x38 ./Generated_Code/Cpu.o
 .debug_aranges
                0x00000120       0x18 ./Generated_Code/Vectors.o
 .debug_aranges
                0x00000138       0xc8 C:\Users\11238639\Desktop\ESRTOSPIT\Project\Library\libOS.a(OS.o)
 .debug_aranges
                0x00000200       0x38 C:\Users\11238639\Desktop\ESRTOSPIT\Project\Library\libAnalog.a(analog.o)
 .debug_aranges
                0x00000238       0x58 C:\Users\11238639\Desktop\ESRTOSPIT\Project\Library\libAnalog.a(SPI.o)

.debug_ranges   0x00000000      0x208
 .debug_ranges  0x00000000       0x28 ./Sources/LEDs.o
 .debug_ranges  0x00000028       0x50 ./Sources/main.o
 .debug_ranges  0x00000078       0x40 ./Project_Settings/Startup_Code/startup.o
 .debug_ranges  0x000000b8       0x28 ./Generated_Code/Cpu.o
 .debug_ranges  0x000000e0       0xb8 C:\Users\11238639\Desktop\ESRTOSPIT\Project\Library\libOS.a(OS.o)
 .debug_ranges  0x00000198       0x28 C:\Users\11238639\Desktop\ESRTOSPIT\Project\Library\libAnalog.a(analog.o)
 .debug_ranges  0x000001c0       0x48 C:\Users\11238639\Desktop\ESRTOSPIT\Project\Library\libAnalog.a(SPI.o)

.debug_macro    0x00000000    0x31fe3
 .debug_macro   0x00000000       0x68 ./Sources/LEDs.o
 .debug_macro   0x00000068      0x850 ./Sources/LEDs.o
 .debug_macro   0x000008b8       0x16 ./Sources/LEDs.o
 .debug_macro   0x000008ce       0x44 ./Sources/LEDs.o
 .debug_macro   0x00000912      0x209 ./Sources/LEDs.o
 .debug_macro   0x00000b1b       0x22 ./Sources/LEDs.o
 .debug_macro   0x00000b3d    0x174c1 ./Sources/LEDs.o
 .debug_macro   0x00017ffe       0xd7 ./Sources/main.o
 .debug_macro   0x000180d5     0x17fa ./Sources/main.o
 .debug_macro   0x000198cf      0x14e ./Sources/main.o
 .debug_macro   0x00019a1d       0x64 ./Sources/main.o
 .debug_macro   0x00019a81       0x9a ./Sources/main.o
 .debug_macro   0x00019b1b       0x30 ./Sources/main.o
 .debug_macro   0x00019b4b       0x10 ./Sources/main.o
 .debug_macro   0x00019b5b      0x121 ./Project_Settings/Startup_Code/startup.o
 .debug_macro   0x00019c7c       0x58 ./Project_Settings/Startup_Code/startup.o
 .debug_macro   0x00019cd4       0x35 ./Project_Settings/Startup_Code/startup.o
 .debug_macro   0x00019d09       0xa3 ./Project_Settings/Startup_Code/startup.o
 .debug_macro   0x00019dac      0x166 ./Project_Settings/Startup_Code/startup.o
 .debug_macro   0x00019f12       0x4a ./Project_Settings/Startup_Code/startup.o
 .debug_macro   0x00019f5c       0x52 ./Project_Settings/Startup_Code/startup.o
 .debug_macro   0x00019fae       0x16 ./Project_Settings/Startup_Code/startup.o
 .debug_macro   0x00019fc4       0x43 ./Project_Settings/Startup_Code/startup.o
 .debug_macro   0x0001a007      0x180 ./Project_Settings/Startup_Code/startup.o
 .debug_macro   0x0001a187      0x2a6 ./Project_Settings/Startup_Code/startup.o
 .debug_macro   0x0001a42d       0x10 ./Project_Settings/Startup_Code/startup.o
 .debug_macro   0x0001a43d       0x35 ./Project_Settings/Startup_Code/startup.o
 .debug_macro   0x0001a472       0x16 ./Project_Settings/Startup_Code/startup.o
 .debug_macro   0x0001a488       0x22 ./Project_Settings/Startup_Code/startup.o
 .debug_macro   0x0001a4aa       0x16 ./Project_Settings/Startup_Code/startup.o
 .debug_macro   0x0001a4c0      0x20f ./Project_Settings/Startup_Code/startup.o
 .debug_macro   0x0001a6cf    0x174af ./Project_Settings/Startup_Code/startup.o
 .debug_macro   0x00031b7e       0x84 ./Generated_Code/Cpu.o
 .debug_macro   0x00031c02       0xa0 ./Generated_Code/Cpu.o
 .debug_macro   0x00031ca2       0x9d ./Generated_Code/Vectors.o
 .debug_macro   0x00031d3f       0xa3 C:\Users\11238639\Desktop\ESRTOSPIT\Project\Library\libOS.a(OS.o)
 .debug_macro   0x00031de2       0x94 C:\Users\11238639\Desktop\ESRTOSPIT\Project\Library\libOS.a(OS.o)
 .debug_macro   0x00031e76       0xf5 C:\Users\11238639\Desktop\ESRTOSPIT\Project\Library\libAnalog.a(analog.o)
 .debug_macro   0x00031f6b       0x10 C:\Users\11238639\Desktop\ESRTOSPIT\Project\Library\libAnalog.a(analog.o)
 .debug_macro   0x00031f7b       0x68 C:\Users\11238639\Desktop\ESRTOSPIT\Project\Library\libAnalog.a(SPI.o)

.debug_line     0x00000000     0x1817
 .debug_line    0x00000000      0x223 ./Sources/LEDs.o
 .debug_line    0x00000223      0x3f6 ./Sources/main.o
 .debug_line    0x00000619      0x3d8 ./Project_Settings/Startup_Code/startup.o
 .debug_line    0x000009f1      0x27d ./Generated_Code/Cpu.o
 .debug_line    0x00000c6e      0x240 ./Generated_Code/Vectors.o
 .debug_line    0x00000eae      0x496 C:\Users\11238639\Desktop\ESRTOSPIT\Project\Library\libOS.a(OS.o)
 .debug_line    0x00001344      0x200 C:\Users\11238639\Desktop\ESRTOSPIT\Project\Library\libAnalog.a(analog.o)
 .debug_line    0x00001544      0x2d3 C:\Users\11238639\Desktop\ESRTOSPIT\Project\Library\libAnalog.a(SPI.o)

.debug_str      0x00000000    0x8e07c
 .debug_str     0x00000000    0x82d89 ./Sources/LEDs.o
                              0x82eee (size before relaxing)
 .debug_str     0x00082d89     0x7d7b ./Sources/main.o
                              0x8abe0 (size before relaxing)
 .debug_str     0x0008ab04     0x2663 ./Project_Settings/Startup_Code/startup.o
                              0x853f2 (size before relaxing)
 .debug_str     0x0008d167      0x21a ./Generated_Code/Cpu.o
                              0x8aa23 (size before relaxing)
 .debug_str     0x0008d381       0x1c ./Generated_Code/Vectors.o
                              0x8a77c (size before relaxing)
 .debug_str     0x0008d39d      0x3bd C:\Users\11238639\Desktop\ESRTOSPIT\Project\Library\libOS.a(OS.o)
                              0x8ad2a (size before relaxing)
 .debug_str     0x0008d75a      0x578 C:\Users\11238639\Desktop\ESRTOSPIT\Project\Library\libAnalog.a(analog.o)
                               0x3866 (size before relaxing)
 .debug_str     0x0008dcd2      0x3aa C:\Users\11238639\Desktop\ESRTOSPIT\Project\Library\libAnalog.a(SPI.o)
                              0x83389 (size before relaxing)

.comment        0x00000000       0x70
 .comment       0x00000000       0x70 ./Sources/LEDs.o
                                 0x71 (size before relaxing)
 .comment       0x00000000       0x71 ./Sources/main.o
 .comment       0x00000000       0x71 ./Project_Settings/Startup_Code/startup.o
 .comment       0x00000000       0x71 ./Generated_Code/Cpu.o
 .comment       0x00000000       0x71 ./Generated_Code/Vectors.o
 .comment       0x00000000       0x71 C:\Users\11238639\Desktop\ESRTOSPIT\Project\Library\libOS.a(OS.o)
 .comment       0x00000000       0x71 C:\Users\11238639\Desktop\ESRTOSPIT\Project\Library\libAnalog.a(analog.o)
 .comment       0x00000000       0x71 C:\Users\11238639\Desktop\ESRTOSPIT\Project\Library\libAnalog.a(SPI.o)

.debug_frame    0x00000000      0x7b0
 .debug_frame   0x00000000       0x80 ./Sources/LEDs.o
 .debug_frame   0x00000080      0x12c ./Sources/main.o
 .debug_frame   0x000001ac       0xc0 ./Project_Settings/Startup_Code/startup.o
 .debug_frame   0x0000026c       0x80 ./Generated_Code/Cpu.o
 .debug_frame   0x000002ec      0x2a0 C:\Users\11238639\Desktop\ESRTOSPIT\Project\Library\libOS.a(OS.o)
 .debug_frame   0x0000058c       0x90 C:\Users\11238639\Desktop\ESRTOSPIT\Project\Library\libAnalog.a(analog.o)
 .debug_frame   0x0000061c      0x100 C:\Users\11238639\Desktop\ESRTOSPIT\Project\Library\libAnalog.a(SPI.o)
 .debug_frame   0x0000071c       0x28 c:/freescale/kds_3.0.0/toolchain/bin/../lib/gcc/arm-none-eabi/4.8.4/../../../../arm-none-eabi/lib/armv7e-m/fpu\libg_s.a(lib_a-exit.o)
 .debug_frame   0x00000744       0x2c c:/freescale/kds_3.0.0/toolchain/bin/../lib/gcc/arm-none-eabi/4.8.4/../../../../arm-none-eabi/lib/armv7e-m/fpu\libg_s.a(lib_a-init.o)
 .debug_frame   0x00000770       0x20 c:/freescale/kds_3.0.0/toolchain/bin/../lib/gcc/arm-none-eabi/4.8.4/../../../../arm-none-eabi/lib/armv7e-m/fpu\libg_s.a(lib_a-memset.o)
 .debug_frame   0x00000790       0x20 c:/freescale/kds_3.0.0/toolchain/bin/../lib/gcc/arm-none-eabi/4.8.4/../../../../arm-none-eabi/lib/armv7e-m/fpu\libnosys.a(_exit.o)
